"subject","garp","sarp","warp_strict","warp_nonstrict","hm_garp_lower","hm_garp_upper","hm_sarp_lower","hm_sarp_upper","hm_warp_strict_lower","hm_warp_strict_upper","hm_warp_nonstrict_lower","hm_warp_nonstrict_upper"
"subject1","0","0","0","0","0","0","0","0","0","0","0","0"
"subject2","2","2","1","1","1","1","1","1","1","1","1","1"
"subject3","18","18","5","5","1","3","1","3","1","3","1","3"
"subject4","5","5","3","3","2","2","2","2","2","2","2","2"
