"subject","cycle_length","garp","sarp"
"subject2","2","1","1"
"subject2","3","1","1"
"subject3","2","5","5"
"subject3","3","4","4"
"subject3","4","5","5"
"subject3","5","3","3"
"subject3","6","1","1"
"subject4","2","3","3"
"subject4","3","2","2"
