"subject","cycles_3","cycles_4","total"
"Subject-1","14","10","24"
"Subject-2","14","10","24"
"Subject-3","14","10","24"
"Subject-4","14","10","24"
