"subject","cycles_3","cycles_4","total"
"Subject-1","0","0","0"
"Subject-2","2","2","4"
"Subject-3","1","0","1"
"Subject-4","0","0","0"
"Subject-5","4","1","5"
"Subject-6","0","0","0"
"Subject-7","0","0","0"
"Subject-8","0","0","0"
"Subject-9","0","0","0"
"Subject-10","0","0","0"
"Subject-11","0","0","0"
