"subject","cycles_3","cycles_4","total"
"Subject-1","0","0","0"
"Subject-2","96","384","480"
"Subject-3","16","4","20"
"Subject-4","88","184","272"
"Subject-5","32","30","62"
"Subject-6","0","0","0"
"Subject-7","0","0","0"
"Subject-8","0","0","0"
"Subject-9","0","0","0"
"Subject-10","0","0","0"
"Subject-11","0","3","3"
