"subject","warp_pairs","warp_all","congruence","strict_general_cycles","binary_cycles","strict_binary_cycles"
"Subject-1","9","9","33","33","0","0"
"Subject-2","9","9","33","33","0","0"
"Subject-3","9","9","33","33","0","0"
"Subject-4","9","9","33","33","0","0"
