"subject","cycles_3","cycles_4","total"
"random1","250","543","793"
