"subject","cycles_3","cycles_4","total"
"random1","0","0","0"
