"subject","dist_score","model","instances"
"random1","10","Partially Dominant Choice (Forced)","1"
"","10","Partially Dominant Choice (Non-forced)","1"
