"subject","warp_pairs","warp_all","congruence","strict_general_cycles","binary_cycles","strict_binary_cycles"
"random1","45","45","838","838","0","0"
