"subject","dist_score","dist_score_upper_bound","model","instance"
"random1","10","10","Partially Dominant Choice (Forced)","AwUBAwQMHAE="
"random1","10","10","Partially Dominant Choice (Non-forced)","AwUBAwQMHAA="
