"subject","warp_pairs","warp_all","congruence","strict_general_cycles","binary_cycles","strict_binary_cycles"
"1","2","2","5","5","0","0"
"2","0","0","0","0","0","0"
