"subject","cycles_3","cycles_4","cycles_5","total"
"random1","0","0","0","0"
"random2","0","0","0","0"
"random3","0","0","0","0"
"random4","0","0","0","0"
"random5","0","0","0","0"
"random6","0","0","0","0"
"random7","0","0","0","0"
"random8","0","0","0","0"
"random9","0","0","0","0"
"random10","0","0","0","0"
"random11","0","0","0","0"
"random12","0","0","0","0"
"random13","0","0","0","0"
"random14","0","0","0","0"
"random15","2","0","0","2"
"random16","0","0","0","0"
"random17","0","0","0","0"
"random18","1","0","0","1"
"random19","0","0","0","0"
"random20","0","0","0","0"
"random21","0","0","0","0"
"random22","0","0","0","0"
"random23","0","0","0","0"
"random24","0","0","0","0"
"random25","0","0","0","0"
"random26","0","0","0","0"
"random27","0","0","0","0"
"random28","2","0","0","2"
"random29","0","0","0","0"
"random30","1","0","0","1"
"random31","0","0","0","0"
"random32","1","0","0","1"
"random33","0","0","0","0"
"random34","0","0","0","0"
"random35","0","0","0","0"
"random36","1","0","0","1"
"random37","0","0","0","0"
"random38","0","0","0","0"
"random39","0","0","0","0"
"random40","0","0","0","0"
"random41","0","0","0","0"
"random42","1","1","0","2"
"random43","0","0","0","0"
"random44","0","0","0","0"
"random45","0","0","0","0"
"random46","0","0","0","0"
"random47","0","0","0","0"
"random48","0","0","0","0"
"random49","0","0","0","0"
"random50","0","0","0","0"
"random51","0","0","0","0"
"random52","0","0","0","0"
"random53","0","0","0","0"
"random54","0","0","0","0"
"random55","0","0","0","0"
"random56","0","0","0","0"
"random57","0","0","0","0"
"random58","0","0","0","0"
"random59","0","0","0","0"
"random60","0","0","0","0"
"random61","0","0","0","0"
"random62","0","0","0","0"
"random63","0","0","0","0"
"random64","1","0","0","1"
"random65","0","0","0","0"
"random66","1","0","0","1"
"random67","0","0","0","0"
"random68","0","0","0","0"
"random69","2","0","0","2"
"random70","1","1","0","2"
"random71","0","0","0","0"
"random72","0","0","0","0"
"random73","1","2","1","4"
"random74","0","0","0","0"
"random75","0","0","0","0"
"random76","3","0","0","3"
"random77","0","0","0","0"
"random78","0","0","0","0"
"random79","0","0","0","0"
"random80","0","0","0","0"
"random81","0","0","0","0"
"random82","0","0","0","0"
"random83","0","0","0","0"
"random84","0","0","0","0"
"random85","0","0","0","0"
"random86","0","0","0","0"
"random87","0","0","0","0"
"random88","0","0","0","0"
"random89","1","0","0","1"
"random90","0","0","0","0"
"random91","0","0","0","0"
"random92","1","0","0","1"
"random93","0","0","0","0"
"random94","0","0","0","0"
"random95","0","0","0","0"
"random96","1","0","0","1"
"random97","0","0","0","0"
"random98","0","0","0","0"
"random99","0","0","0","0"
"random100","0","0","0","0"
"random101","0","0","0","0"
"random102","0","0","0","0"
"random103","0","0","0","0"
"random104","0","0","0","0"
"random105","0","0","0","0"
"random106","0","0","0","0"
"random107","1","0","0","1"
"random108","0","0","0","0"
"random109","0","0","0","0"
"random110","0","0","0","0"
"random111","1","1","1","3"
"random112","2","0","0","2"
"random113","0","0","0","0"
"random114","2","0","0","2"
"random115","0","0","0","0"
"random116","0","0","0","0"
"random117","0","0","0","0"
"random118","0","0","0","0"
"random119","0","0","0","0"
"random120","0","0","0","0"
"random121","0","0","0","0"
"random122","0","0","0","0"
"random123","0","0","0","0"
"random124","0","0","0","0"
"random125","0","0","0","0"
"random126","0","0","0","0"
"random127","3","1","1","5"
"random128","0","0","0","0"
